*** ⭐️ HEROKU COMMANDS ⭐️ ***
-- Install on macOS --
$ brew tap heroku/brew && brew install heroku

Source: https://devcenter.heroku.com/articles/heroku-cli#verify-your-installation

-- Basic commands -- 
$ heroku --version
$ heroku login
$ heroku login -i

-- Create an app --
$ cd ~/myapp
$ heroku create

-- Push changes to Heroku --
$ git push heroku master

-- Dependencies --
Heroku does not use SQLite, uses PostgreSQL
-Have a requirements.txt (to update use: $ pip freeze > requirements.txt)
-use venv, install flask, psycopg2(for db), gunicorn (HTTP server)
-create db in Heroku

-- Known macOS Errors and Fixes --
# Heroku login
-if get an IP mismatch error, login with -i in CLI: $ heroku login -i
-if MFA enabled, generate an authorization token for API access, as per below SO source:
 https://stackoverflow.com/questions/63363085/ip-address-mismatch-on-signing-into-heroku-cli

# Source to fix libpq errors on macOS - https://github.com/orgs/Homebrew/discussions/3595

# How to fix psycopg2 errors:
# activate virtual environment: $ source .venv/bin/activate
# check Python version: $ python --version
# $ pip install psycopg2
# $ pip install psycopg2-binary <-- the magic that fixed the error
# $ pip show psycopg2
# run the app: $ python app.py

